// Jest Snapshot v1, https://goo.gl/fbAQLP

exports[`renders correctly 1`] = `
<div>
  <nav
    className="sc-AxjAm kVStAK"
  >
    <a
      href="https://www.divercity.io/"
    >
      <img
        alt="divercity logo"
        src="https://www.divercity.io/static/media/complete-logo.f047ae08.svg"
      />
    </a>
    <ul
      className="sc-AxirZ AYPIi"
    >
      <li>
        <button
          className="sc-AxiKw evdkuo"
          onClick={[Function]}
          value="login"
        >
          Sign in
        </button>
      </li>
      <li>
        <button
          className="sc-AxhCb bmKJYB"
          onClick={[Function]}
          value="create-account"
        >
          Create an account
        </button>
      </li>
    </ul>
  </nav>
  <p
    className="sc-AxhUy dIRyt"
  >
    Welcome to the Divercity jobs page! Please sign in to see our current job openings.
  </p>
</div>
`;
