// Jest Snapshot v1, https://goo.gl/fbAQLP

exports[`renders correctly 1`] = `
<nav
  className="sc-AxjAm kVStAK"
>
  <a
    href="https://www.divercity.io/"
  >
    <img
      alt="divercity logo"
      src="https://www.divercity.io/static/media/complete-logo.f047ae08.svg"
    />
  </a>
  <ul
    className="sc-AxirZ AYPIi"
  >
    <li>
      <button
        className="sc-AxiKw evdkuo"
        value="login"
      >
        Sign in
      </button>
    </li>
    <li>
      <button
        className="sc-AxhCb bmKJYB"
        value="create-account"
      >
        Create an account
      </button>
    </li>
  </ul>
</nav>
`;
