// Jest Snapshot v1, https://goo.gl/fbAQLP

exports[`renders correctly 1`] = `
<div
  className="sc-AxgMl hdlxbY"
>
  <button
    className="sc-AxiKw kbLOIl"
  >
    x
  </button>
  <h3
    className="sc-AxjAm irvukv"
  >
    Apply
  </h3>
  <form
    className="sc-AxhUy bBqmEe"
    onSubmit={[Function]}
  >
    <textarea
      className="sc-AxheI dvQBCG"
      onChange={[Function]}
      placeholder="Why do you want the job?"
      required={true}
      type="textarea"
    />
    <textarea
      className="sc-AxheI dvQBCG"
      onChange={[Function]}
      placeholder="Anything else to add? (i.e. cover letter)"
      required={true}
      type="textarea"
    />
    <button
      className="sc-AxhCb fwyxFT"
      type="submit"
    >
      Submit
    </button>
  </form>
</div>
`;
