// Jest Snapshot v1, https://goo.gl/fbAQLP

exports[`renders correctly 1`] = `
<div>
  <section
    className="sc-AxirZ fBsFLx"
  >
    <h3
      className="sc-AxgMl ftqCsy"
    >
      Create Account
    </h3>
    <form
      className="sc-AxhCb cVhoPd"
      onSubmit={[Function]}
    >
      <input
        className="sc-AxhUy iwETNV"
        onChange={[Function]}
        placeholder="Name"
        required={true}
        type="text"
      />
      <input
        className="sc-AxhUy iwETNV"
        onChange={[Function]}
        placeholder="Username"
        required={true}
        type="text"
      />
      <input
        className="sc-AxhUy iwETNV"
        onChange={[Function]}
        placeholder="Password"
        required={true}
        type="text"
      />
      <button
        className="sc-AxheI eCExDU"
        type="submit"
      >
        SIGN UP
      </button>
    </form>
  </section>
  <p
    className="sc-AxjAm jucUDx"
  >
    Already have an account?
    <button
      className="sc-AxiKw kgdTdl"
      onClick={[Function]}
      value="login"
    >
      Sign Up
    </button>
  </p>
</div>
`;
