// Jest Snapshot v1, https://goo.gl/fbAQLP

exports[`renders correctly 1`] = `
<div
  className="sc-AxjAm bQKYXJ"
>
  <h3
    className="sc-AxgMl endhLy"
  >
     - 
  </h3>
  <h4 />
  <div
    dangerouslySetInnerHTML={
      Object {
        "__html": undefined,
      }
    }
  />
  <button
    className="sc-AxirZ dLeGRp"
  >
    Apply
  </button>
</div>
`;
